2024-07-15T06:02:26.735  INFO 140009195108160 ibm_svcinfo_command.py:send_svcinfo_command():187 Executing CLI command: svcinfo lshost -json sapiqp01
2024-07-15T06:02:26.910  INFO 140009195108160 ibm_svcinfo_command.py:send_svcinfo_command():191 
2024-07-15T06:02:26.910  INFO 140009195108160 ibm_svcinfo_command.py:send_svcinfo_command():197 Error in executing CLI command: svcinfo lshost -json sapiqp01
2024-07-15T06:02:26.910  INFO 140009195108160 ibm_svcinfo_command.py:send_svcinfo_command():198 CMMVC5754E The specified object does not exist, or the name supplied does not meet the naming rules.

2024-07-15T06:02:27.024  INFO 140009195108160 ibm_svc_ssh.py:_svc_disconnect():96 SSH disconnected
2024-07-15T06:02:36.473  INFO 139886518855488 ibm_svcinfo_command.py:send_svcinfo_command():187 Executing CLI command: svcinfo lshost -json sapiqp01
2024-07-15T06:02:36.580  INFO 139886518855488 ibm_svcinfo_command.py:send_svcinfo_command():191 
2024-07-15T06:02:36.580  INFO 139886518855488 ibm_svcinfo_command.py:send_svcinfo_command():197 Error in executing CLI command: svcinfo lshost -json sapiqp01
2024-07-15T06:02:36.580  INFO 139886518855488 ibm_svcinfo_command.py:send_svcinfo_command():198 CMMVC5754E The specified object does not exist, or the name supplied does not meet the naming rules.

2024-07-15T06:02:36.694  INFO 139886518855488 ibm_svc_ssh.py:_svc_disconnect():96 SSH disconnected
2024-07-15T06:03:46.779  INFO 139889362827072 ibm_svcinfo_command.py:send_svcinfo_command():187 Executing CLI command: svcinfo lshost -json sapiqp01
2024-07-15T06:03:46.879  INFO 139889362827072 ibm_svcinfo_command.py:send_svcinfo_command():191 
2024-07-15T06:03:46.880  INFO 139889362827072 ibm_svcinfo_command.py:send_svcinfo_command():197 Error in executing CLI command: svcinfo lshost -json sapiqp01
2024-07-15T06:03:46.880  INFO 139889362827072 ibm_svcinfo_command.py:send_svcinfo_command():198 CMMVC5754E The specified object does not exist, or the name supplied does not meet the naming rules.

2024-07-15T06:03:46.881  INFO 139889362827072 ibm_svc_ssh.py:_svc_disconnect():96 SSH disconnected
2024-07-15T06:04:06.151  INFO 139645487118144 ibm_svc_ssh.py:_svc_connect():79 AuthenticationException Authentication failed.
2024-07-15T06:04:41.906  INFO 139771869103936 ibm_svcinfo_command.py:send_svcinfo_command():187 Executing CLI command: svcinfo lshost -json sapiqp01
2024-07-15T06:04:42.033  INFO 139771869103936 ibm_svcinfo_command.py:send_svcinfo_command():191 { "id": "394", "name": "sapiqp01", "port_count": "2", "type": "generic", "iogrp_count": "4", "status": "offline", "site_id": "", "site_name": "", "host_cluster_id": "", "host_cluster_name": "", "protocol": "scsi", "status_policy": "redundant", "status_site": "all", "nodes": [ { "WWPN": "100098F2B3A2799B", "node_logged_in_count": "0", "state": "offline" }, { "WWPN": "100098F2B3A27986", "node_logged_in_count": "0", "state": "offline" } ], "owner_id": "", "owner_name": "", "portset_id": "64", "portset_name": "portset64" }

2024-07-15T06:04:42.146  INFO 139771869103936 ibm_svc_ssh.py:_svc_disconnect():96 SSH disconnected
2024-07-15T06:05:33.849  INFO 140579004720960 ibm_svcinfo_command.py:send_svcinfo_command():187 Executing CLI command: svcinfo lshost -json sapiqp02
2024-07-15T06:05:33.949  INFO 140579004720960 ibm_svcinfo_command.py:send_svcinfo_command():191 
2024-07-15T06:05:33.949  INFO 140579004720960 ibm_svcinfo_command.py:send_svcinfo_command():197 Error in executing CLI command: svcinfo lshost -json sapiqp02
2024-07-15T06:05:33.949  INFO 140579004720960 ibm_svcinfo_command.py:send_svcinfo_command():198 CMMVC5754E The specified object does not exist, or the name supplied does not meet the naming rules.

2024-07-15T06:05:34.063  INFO 140579004720960 ibm_svc_ssh.py:_svc_disconnect():96 SSH disconnected
2024-07-15T06:07:00.046  INFO 139890986506048 ibm_svcinfo_command.py:send_svcinfo_command():187 Executing CLI command: svcinfo lshost -json sapiqp02
2024-07-15T06:07:00.148  INFO 139890986506048 ibm_svcinfo_command.py:send_svcinfo_command():191 { "id": "395", "name": "sapiqp02", "port_count": "2", "type": "generic", "iogrp_count": "4", "status": "offline", "site_id": "", "site_name": "", "host_cluster_id": "", "host_cluster_name": "", "protocol": "scsi", "status_policy": "redundant", "status_site": "all", "nodes": [ { "WWPN": "100098F2B3A27937", "node_logged_in_count": "0", "state": "offline" }, { "WWPN": "100098F2B3A2792A", "node_logged_in_count": "0", "state": "offline" } ], "owner_id": "", "owner_name": "", "portset_id": "64", "portset_name": "portset64" }

2024-07-15T06:07:00.150  INFO 139890986506048 ibm_svc_ssh.py:_svc_disconnect():96 SSH disconnected
2024-07-16T11:01:38.719  INFO 140205098907456 ibm_svcinfo_command.py:send_svcinfo_command():187 Executing CLI command: svcinfo lshostvdiskmap -json sapiqt01
2024-07-16T11:01:38.829  INFO 140205098907456 ibm_svcinfo_command.py:send_svcinfo_command():191 [{ "id": "1", "name": "sapiqt01", "SCSI_id": "0", "vdisk_id": "1447", "vdisk_name": "l_sapiqt01_02_01", "vdisk_UID": "600507680C80823DA0000000000012EA", "IO_group_id": "0", "IO_group_name": "io_grp0", "mapping_type": "private", "host_cluster_id": "", "host_cluster_name": "", "protocol": "scsi" },
{ "id": "1", "name": "sapiqt01", "SCSI_id": "1", "vdisk_id": "1449", "vdisk_name": "l_sapiqt01_02_03", "vdisk_UID": "600507680C80823DA0000000000012EC", "IO_group_id": "0", "IO_group_name": "io_grp0", "mapping_type": "private", "host_cluster_id": "", "host_cluster_name": "", "protocol": "scsi" },
{ "id": "1", "name": "sapiqt01", "SCSI_id": "2", "vdisk_id": "1451", "vdisk_name": "l_sapiqt01_02_05", "vdisk_UID": "600507680C80823DA0000000000012EE", "IO_group_id": "0", "IO_group_name": "io_grp0", "mapping_type": "private", "host_cluster_id": "", "host_cluster_name": "", "protocol": "scsi" },
{ "id": "1", "name": "sapiqt01", "SCSI_id": "3", "vdisk_id": "1453", "vdisk_name": "l_sapiqt01_02_07", "vdisk_UID": "600507680C80823DA0000000000012F0", "IO_group_id": "0", "IO_group_name": "io_grp0", "mapping_type": "private", "host_cluster_id": "", "host_cluster_name": "", "protocol": "scsi" },
{ "id": "1", "name": "sapiqt01", "SCSI_id": "4", "vdisk_id": "1455", "vdisk_name": "l_sapiqt01_02_09", "vdisk_UID": "600507680C80823DA0000000000012F2", "IO_group_id": "0", "IO_group_name": "io_grp0", "mapping_type": "private", "host_cluster_id": "", "host_cluster_name": "", "protocol": "scsi" },
{ "id": "1", "name": "sapiqt01", "SCSI_id": "5", "vdisk_id": "1457", "vdisk_name": "l_sapiqt01_02_11", "vdisk_UID": "600507680C80823DA0000000000012F4", "IO_group_id": "0", "IO_group_name": "io_grp0", "mapping_type": "private", "host_cluster_id": "", "host_cluster_name": "", "protocol": "scsi" },
{ "id": "1", "name": "sapiqt01", "SCSI_id": "6", "vdisk_id": "1459", "vdisk_name": "l_sapiqt01_02_13", "vdisk_UID": "600507680C80823DA0000000000012F6", "IO_group_id": "0", "IO_group_name": "io_grp0", "mapping_type": "private", "host_cluster_id": "", "host_cluster_name": "", "protocol": "scsi" },
{ "id": "1", "name": "sapiqt01", "SCSI_id": "7", "vdisk_id": "1461", "vdisk_name": "l_sapiqt01_02_15", "vdisk_UID": "600507680C80823DA0000000000012F8", "IO_group_id": "0", "IO_group_name": "io_grp0", "mapping_type": "private", "host_cluster_id": "", "host_cluster_name": "", "protocol": "scsi" },
{ "id": "1", "name": "sapiqt01", "SCSI_id": "8", "vdisk_id": "2426", "vdisk_name": "l_sapiqt01_02_17", "vdisk_UID": "600507680C80823DA0000000000012FA", "IO_group_id": "0", "IO_group_name": "io_grp0", "mapping_type": "private", "host_cluster_id": "", "host_cluster_name": "", "protocol": "scsi" },
{ "id": "1", "name": "sapiqt01", "SCSI_id": "9", "vdisk_id": "2428", "vdisk_name": "l_sapiqt01_02_19", "vdisk_UID": "600507680C80823DA0000000000012FC", "IO_group_id": "0", "IO_group_name": "io_grp0", "mapping_type": "private", "host_cluster_id": "", "host_cluster_name": "", "protocol": "scsi" },
{ "id": "1", "name": "sapiqt01", "SCSI_id": "10", "vdisk_id": "2429", "vdisk_name": "l_sapiqt01_02_20", "vdisk_UID": "600507680C80823DA0000000000012FD", "IO_group_id": "0", "IO_group_name": "io_grp0", "mapping_type": "private", "host_cluster_id": "", "host_cluster_name": "", "protocol": "scsi" },
{ "id": "1", "name": "sapiqt01", "SCSI_id": "11", "vdisk_id": "2431", "vdisk_name": "l_sapiqt01_02_22", "vdisk_UID": "600507680C80823DA0000000000012FF", "IO_group_id": "0", "IO_group_name": "io_grp0", "mapping_type": "private", "host_cluster_id": "", "host_cluster_name": "", "protocol": "scsi" },
{ "id": "1", "name": "sapiqt01", "SCSI_id": "12", "vdisk_id": "2433", "vdisk_name": "l_sapiqt01_02_24", "vdisk_UID": "600507680C80823DA000000000001301", "IO_group_id": "0", "IO_group_name": "io_grp0", "mapping_type": "private", "host_cluster_id": "", "host_cluster_name": "", "protocol": "scsi" },
{ "id": "1", "name": "sapiqt01", "SCSI_id": "13", "vdisk_id": "2435", "vdisk_name": "l_sapiqt01_02_26", "vdisk_UID": "600507680C80823DA000000000001303", "IO_group_id": "0", "IO_group_name": "io_grp0", "mapping_type": "private", "host_cluster_id": "", "host_cluster_name": "", "protocol": "scsi" },
{ "id": "1", "name": "sapiqt01", "SCSI_id": "14", "vdisk_id": "2437", "vdisk_name": "l_sapiqt01_02_28", "vdisk_UID": "600507680C80823DA000000000001305", "IO_group_id": "0", "IO_group_name": "io_grp0", "mapping_type": "private", "host_cluster_id": "", "host_cluster_name": "", "protocol": "scsi" },
{ "id": "1", "name": "sapiqt01", "SCSI_id": "15", "vdisk_id": "2439", "vdisk_name": "l_sapiqt01_02_30", "vdisk_UID": "600507680C80823DA000000000001307", "IO_group_id": "0", "IO_group_name": "io_grp0", "mapping_type": "private", "host_cluster_id": "", "host_cluster_name": "", "protocol": "scsi" },
{ "id": "1", "name": "sapiqt01", "SCSI_id": "16", "vdisk_id": "2441", "vdisk_name": "l_sapiqt01_02_32", "vdisk_UID": "600507680C80823DA000000000001309", "IO_group_id": "0", "IO_group_name": "io_grp0", "mapping_type": "private", "host_cluster_id": "", "host_cluster_name": "", "protocol": "scsi" },
{ "id": "1", "name": "sapiqt01", "SCSI_id": "17", "vdisk_id": "2443", "vdisk_name": "l_sapiqt01_02_34", "vdisk_UID": "600507680C80823DA00000000000130B", "IO_group_id": "0", "IO_group_name": "io_grp0", "mapping_type": "private", "host_cluster_id": "", "host_cluster_name": "", "protocol": "scsi" },
{ "id": "1", "name": "sapiqt01", "SCSI_id": "18", "vdisk_id": "2445", "vdisk_name": "l_sapiqt01_02_36", "vdisk_UID": "600507680C80823DA00000000000130D", "IO_group_id": "0", "IO_group_name": "io_grp0", "mapping_type": "private", "host_cluster_id": "", "host_cluster_name": "", "protocol": "scsi" },
{ "id": "1", "name": "sapiqt01", "SCSI_id": "19", "vdisk_id": "2452", "vdisk_name": "l_sapiqt01_02_38", "vdisk_UID": "600507680C80823DA000000000001314", "IO_group_id": "0", "IO_group_name": "io_grp0", "mapping_type": "private", "host_cluster_id": "", "host_cluster_name": "", "protocol": "scsi" },
{ "id": "1", "name": "sapiqt01", "SCSI_id": "0", "vdisk_id": "1448", "vdisk_name": "l_sapiqt01_02_02", "vdisk_UID": "600507680C80823DA0000000000012EB", "IO_group_id": "1", "IO_group_name": "io_grp1", "mapping_type": "private", "host_cluster_id": "", "host_cluster_name": "", "protocol": "scsi" },
{ "id": "1", "name": "sapiqt01", "SCSI_id": "1", "vdisk_id": "1450", "vdisk_name": "l_sapiqt01_02_04", "vdisk_UID": "600507680C80823DA0000000000012ED", "IO_group_id": "1", "IO_group_name": "io_grp1", "mapping_type": "private", "host_cluster_id": "", "host_cluster_name": "", "protocol": "scsi" },
{ "id": "1", "name": "sapiqt01", "SCSI_id": "2", "vdisk_id": "1452", "vdisk_name": "l_sapiqt01_02_06", "vdisk_UID": "600507680C80823DA0000000000012EF", "IO_group_id": "1", "IO_group_name": "io_grp1", "mapping_type": "private", "host_cluster_id": "", "host_cluster_name": "", "protocol": "scsi" },
{ "id": "1", "name": "sapiqt01", "SCSI_id": "3", "vdisk_id": "1454", "vdisk_name": "l_sapiqt01_02_08", "vdisk_UID": "600507680C80823DA0000000000012F1", "IO_group_id": "1", "IO_group_name": "io_grp1", "mapping_type": "private", "host_cluster_id": "", "host_cluster_name": "", "protocol": "scsi" },
{ "id": "1", "name": "sapiqt01", "SCSI_id": "4", "vdisk_id": "1456", "vdisk_name": "l_sapiqt01_02_10", "vdisk_UID": "600507680C80823DA0000000000012F3", "IO_group_id": "1", "IO_group_name": "io_grp1", "mapping_type": "private", "host_cluster_id": "", "host_cluster_name": "", "protocol": "scsi" },
{ "id": "1", "name": "sapiqt01", "SCSI_id": "5", "vdisk_id": "1458", "vdisk_name": "l_sapiqt01_02_12", "vdisk_UID": "600507680C80823DA0000000000012F5", "IO_group_id": "1", "IO_group_name": "io_grp1", "mapping_type": "private", "host_cluster_id": "", "host_cluster_name": "", "protocol": "scsi" },
{ "id": "1", "name": "sapiqt01", "SCSI_id": "6", "vdisk_id": "1460", "vdisk_name": "l_sapiqt01_02_14", "vdisk_UID": "600507680C80823DA0000000000012F7", "IO_group_id": "1", "IO_group_name": "io_grp1", "mapping_type": "private", "host_cluster_id": "", "host_cluster_name": "", "protocol": "scsi" },
{ "id": "1", "name": "sapiqt01", "SCSI_id": "7", "vdisk_id": "2425", "vdisk_name": "l_sapiqt01_02_16", "vdisk_UID": "600507680C80823DA0000000000012F9", "IO_group_id": "1", "IO_group_name": "io_grp1", "mapping_type": "private", "host_cluster_id": "", "host_cluster_name": "", "protocol": "scsi" },
{ "id": "1", "name": "sapiqt01", "SCSI_id": "8", "vdisk_id": "2427", "vdisk_name": "l_sapiqt01_02_18", "vdisk_UID": "600507680C80823DA0000000000012FB", "IO_group_id": "1", "IO_group_name": "io_grp1", "mapping_type": "private", "host_cluster_id": "", "host_cluster_name": "", "protocol": "scsi" },
{ "id": "1", "name": "sapiqt01", "SCSI_id": "9", "vdisk_id": "2430", "vdisk_name": "l_sapiqt01_02_21", "vdisk_UID": "600507680C80823DA0000000000012FE", "IO_group_id": "1", "IO_group_name": "io_grp1", "mapping_type": "private", "host_cluster_id": "", "host_cluster_name": "", "protocol": "scsi" },
{ "id": "1", "name": "sapiqt01", "SCSI_id": "10", "vdisk_id": "2432", "vdisk_name": "l_sapiqt01_02_23", "vdisk_UID": "600507680C80823DA000000000001300", "IO_group_id": "1", "IO_group_name": "io_grp1", "mapping_type": "private", "host_cluster_id": "", "host_cluster_name": "", "protocol": "scsi" },
{ "id": "1", "name": "sapiqt01", "SCSI_id": "11", "vdisk_id": "2434", "vdisk_name": "l_sapiqt01_02_25", "vdisk_UID": "600507680C80823DA000000000001302", "IO_group_id": "1", "IO_group_name": "io_grp1", "mapping_type": "private", "host_cluster_id": "", "host_cluster_name": "", "protocol": "scsi" },
{ "id": "1", "name": "sapiqt01", "SCSI_id": "12", "vdisk_id": "2436", "vdisk_name": "l_sapiqt01_02_27", "vdisk_UID": "600507680C80823DA000000000001304", "IO_group_id": "1", "IO_group_name": "io_grp1", "mapping_type": "private", "host_cluster_id": "", "host_cluster_name": "", "protocol": "scsi" },
{ "id": "1", "name": "sapiqt01", "SCSI_id": "13", "vdisk_id": "2438", "vdisk_name": "l_sapiqt01_02_29", "vdisk_UID": "600507680C80823DA000000000001306", "IO_group_id": "1", "IO_group_name": "io_grp1", "mapping_type": "private", "host_cluster_id": "", "host_cluster_name": "", "protocol": "scsi" },
{ "id": "1", "name": "sapiqt01", "SCSI_id": "14", "vdisk_id": "2440", "vdisk_name": "l_sapiqt01_02_31", "vdisk_UID": "600507680C80823DA000000000001308", "IO_group_id": "1", "IO_group_name": "io_grp1", "mapping_type": "private", "host_cluster_id": "", "host_cluster_name": "", "protocol": "scsi" },
{ "id": "1", "name": "sapiqt01", "SCSI_id": "15", "vdisk_id": "2442", "vdisk_name": "l_sapiqt01_02_33", "vdisk_UID": "600507680C80823DA00000000000130A", "IO_group_id": "1", "IO_group_name": "io_grp1", "mapping_type": "private", "host_cluster_id": "", "host_cluster_name": "", "protocol": "scsi" },
{ "id": "1", "name": "sapiqt01", "SCSI_id": "16", "vdisk_id": "2444", "vdisk_name": "l_sapiqt01_02_35", "vdisk_UID": "600507680C80823DA00000000000130C", "IO_group_id": "1", "IO_group_name": "io_grp1", "mapping_type": "private", "host_cluster_id": "", "host_cluster_name": "", "protocol": "scsi" },
{ "id": "1", "name": "sapiqt01", "SCSI_id": "17", "vdisk_id": "2446", "vdisk_name": "l_sapiqt01_02_37", "vdisk_UID": "600507680C80823DA00000000000130E", "IO_group_id": "1", "IO_group_name": "io_grp1", "mapping_type": "private", "host_cluster_id": "", "host_cluster_name": "", "protocol": "scsi" }]

2024-07-16T11:01:38.831  INFO 140205098907456 ibm_svc_ssh.py:_svc_disconnect():96 SSH disconnected
2024-07-16T11:02:35.340  INFO 140434316977984 ibm_svcinfo_command.py:send_svcinfo_command():187 Executing CLI command: svcinfo lshostvdiskmap -json sapiqt01
2024-07-16T11:02:35.473  INFO 140434316977984 ibm_svcinfo_command.py:send_svcinfo_command():191 [{ "id": "1", "name": "sapiqt01", "SCSI_id": "0", "vdisk_id": "1447", "vdisk_name": "l_sapiqt01_02_01", "vdisk_UID": "600507680C80823DA0000000000012EA", "IO_group_id": "0", "IO_group_name": "io_grp0", "mapping_type": "private", "host_cluster_id": "", "host_cluster_name": "", "protocol": "scsi" },
{ "id": "1", "name": "sapiqt01", "SCSI_id": "1", "vdisk_id": "1449", "vdisk_name": "l_sapiqt01_02_03", "vdisk_UID": "600507680C80823DA0000000000012EC", "IO_group_id": "0", "IO_group_name": "io_grp0", "mapping_type": "private", "host_cluster_id": "", "host_cluster_name": "", "protocol": "scsi" },
{ "id": "1", "name": "sapiqt01", "SCSI_id": "2", "vdisk_id": "1451", "vdisk_name": "l_sapiqt01_02_05", "vdisk_UID": "600507680C80823DA0000000000012EE", "IO_group_id": "0", "IO_group_name": "io_grp0", "mapping_type": "private", "host_cluster_id": "", "host_cluster_name": "", "protocol": "scsi" },
{ "id": "1", "name": "sapiqt01", "SCSI_id": "3", "vdisk_id": "1453", "vdisk_name": "l_sapiqt01_02_07", "vdisk_UID": "600507680C80823DA0000000000012F0", "IO_group_id": "0", "IO_group_name": "io_grp0", "mapping_type": "private", "host_cluster_id": "", "host_cluster_name": "", "protocol": "scsi" },
{ "id": "1", "name": "sapiqt01", "SCSI_id": "4", "vdisk_id": "1455", "vdisk_name": "l_sapiqt01_02_09", "vdisk_UID": "600507680C80823DA0000000000012F2", "IO_group_id": "0", "IO_group_name": "io_grp0", "mapping_type": "private", "host_cluster_id": "", "host_cluster_name": "", "protocol": "scsi" },
{ "id": "1", "name": "sapiqt01", "SCSI_id": "5", "vdisk_id": "1457", "vdisk_name": "l_sapiqt01_02_11", "vdisk_UID": "600507680C80823DA0000000000012F4", "IO_group_id": "0", "IO_group_name": "io_grp0", "mapping_type": "private", "host_cluster_id": "", "host_cluster_name": "", "protocol": "scsi" },
{ "id": "1", "name": "sapiqt01", "SCSI_id": "6", "vdisk_id": "1459", "vdisk_name": "l_sapiqt01_02_13", "vdisk_UID": "600507680C80823DA0000000000012F6", "IO_group_id": "0", "IO_group_name": "io_grp0", "mapping_type": "private", "host_cluster_id": "", "host_cluster_name": "", "protocol": "scsi" },
{ "id": "1", "name": "sapiqt01", "SCSI_id": "7", "vdisk_id": "1461", "vdisk_name": "l_sapiqt01_02_15", "vdisk_UID": "600507680C80823DA0000000000012F8", "IO_group_id": "0", "IO_group_name": "io_grp0", "mapping_type": "private", "host_cluster_id": "", "host_cluster_name": "", "protocol": "scsi" },
{ "id": "1", "name": "sapiqt01", "SCSI_id": "8", "vdisk_id": "2426", "vdisk_name": "l_sapiqt01_02_17", "vdisk_UID": "600507680C80823DA0000000000012FA", "IO_group_id": "0", "IO_group_name": "io_grp0", "mapping_type": "private", "host_cluster_id": "", "host_cluster_name": "", "protocol": "scsi" },
{ "id": "1", "name": "sapiqt01", "SCSI_id": "9", "vdisk_id": "2428", "vdisk_name": "l_sapiqt01_02_19", "vdisk_UID": "600507680C80823DA0000000000012FC", "IO_group_id": "0", "IO_group_name": "io_grp0", "mapping_type": "private", "host_cluster_id": "", "host_cluster_name": "", "protocol": "scsi" },
{ "id": "1", "name": "sapiqt01", "SCSI_id": "10", "vdisk_id": "2429", "vdisk_name": "l_sapiqt01_02_20", "vdisk_UID": "600507680C80823DA0000000000012FD", "IO_group_id": "0", "IO_group_name": "io_grp0", "mapping_type": "private", "host_cluster_id": "", "host_cluster_name": "", "protocol": "scsi" },
{ "id": "1", "name": "sapiqt01", "SCSI_id": "11", "vdisk_id": "2431", "vdisk_name": "l_sapiqt01_02_22", "vdisk_UID": "600507680C80823DA0000000000012FF", "IO_group_id": "0", "IO_group_name": "io_grp0", "mapping_type": "private", "host_cluster_id": "", "host_cluster_name": "", "protocol": "scsi" },
{ "id": "1", "name": "sapiqt01", "SCSI_id": "12", "vdisk_id": "2433", "vdisk_name": "l_sapiqt01_02_24", "vdisk_UID": "600507680C80823DA000000000001301", "IO_group_id": "0", "IO_group_name": "io_grp0", "mapping_type": "private", "host_cluster_id": "", "host_cluster_name": "", "protocol": "scsi" },
{ "id": "1", "name": "sapiqt01", "SCSI_id": "13", "vdisk_id": "2435", "vdisk_name": "l_sapiqt01_02_26", "vdisk_UID": "600507680C80823DA000000000001303", "IO_group_id": "0", "IO_group_name": "io_grp0", "mapping_type": "private", "host_cluster_id": "", "host_cluster_name": "", "protocol": "scsi" },
{ "id": "1", "name": "sapiqt01", "SCSI_id": "14", "vdisk_id": "2437", "vdisk_name": "l_sapiqt01_02_28", "vdisk_UID": "600507680C80823DA000000000001305", "IO_group_id": "0", "IO_group_name": "io_grp0", "mapping_type": "private", "host_cluster_id": "", "host_cluster_name": "", "protocol": "scsi" },
{ "id": "1", "name": "sapiqt01", "SCSI_id": "15", "vdisk_id": "2439", "vdisk_name": "l_sapiqt01_02_30", "vdisk_UID": "600507680C80823DA000000000001307", "IO_group_id": "0", "IO_group_name": "io_grp0", "mapping_type": "private", "host_cluster_id": "", "host_cluster_name": "", "protocol": "scsi" },
{ "id": "1", "name": "sapiqt01", "SCSI_id": "16", "vdisk_id": "2441", "vdisk_name": "l_sapiqt01_02_32", "vdisk_UID": "600507680C80823DA000000000001309", "IO_group_id": "0", "IO_group_name": "io_grp0", "mapping_type": "private", "host_cluster_id": "", "host_cluster_name": "", "protocol": "scsi" },
{ "id": "1", "name": "sapiqt01", "SCSI_id": "17", "vdisk_id": "2443", "vdisk_name": "l_sapiqt01_02_34", "vdisk_UID": "600507680C80823DA00000000000130B", "IO_group_id": "0", "IO_group_name": "io_grp0", "mapping_type": "private", "host_cluster_id": "", "host_cluster_name": "", "protocol": "scsi" },
{ "id": "1", "name": "sapiqt01", "SCSI_id": "18", "vdisk_id": "2445", "vdisk_name": "l_sapiqt01_02_36", "vdisk_UID": "600507680C80823DA00000000000130D", "IO_group_id": "0", "IO_group_name": "io_grp0", "mapping_type": "private", "host_cluster_id": "", "host_cluster_name": "", "protocol": "scsi" },
{ "id": "1", "name": "sapiqt01", "SCSI_id": "19", "vdisk_id": "2452", "vdisk_name": "l_sapiqt01_02_38", "vdisk_UID": "600507680C80823DA000000000001314", "IO_group_id": "0", "IO_group_name": "io_grp0", "mapping_type": "private", "host_cluster_id": "", "host_cluster_name": "", "protocol": "scsi" },
{ "id": "1", "name": "sapiqt01", "SCSI_id": "0", "vdisk_id": "1448", "vdisk_name": "l_sapiqt01_02_02", "vdisk_UID": "600507680C80823DA0000000000012EB", "IO_group_id": "1", "IO_group_name": "io_grp1", "mapping_type": "private", "host_cluster_id": "", "host_cluster_name": "", "protocol": "scsi" },
{ "id": "1", "name": "sapiqt01", "SCSI_id": "1", "vdisk_id": "1450", "vdisk_name": "l_sapiqt01_02_04", "vdisk_UID": "600507680C80823DA0000000000012ED", "IO_group_id": "1", "IO_group_name": "io_grp1", "mapping_type": "private", "host_cluster_id": "", "host_cluster_name": "", "protocol": "scsi" },
{ "id": "1", "name": "sapiqt01", "SCSI_id": "2", "vdisk_id": "1452", "vdisk_name": "l_sapiqt01_02_06", "vdisk_UID": "600507680C80823DA0000000000012EF", "IO_group_id": "1", "IO_group_name": "io_grp1", "mapping_type": "private", "host_cluster_id": "", "host_cluster_name": "", "protocol": "scsi" },
{ "id": "1", "name": "sapiqt01", "SCSI_id": "3", "vdisk_id": "1454", "vdisk_name": "l_sapiqt01_02_08", "vdisk_UID": "600507680C80823DA0000000000012F1", "IO_group_id": "1", "IO_group_name": "io_grp1", "mapping_type": "private", "host_cluster_id": "", "host_cluster_name": "", "protocol": "scsi" },
{ "id": "1", "name": "sapiqt01", "SCSI_id": "4", "vdisk_id": "1456", "vdisk_name": "l_sapiqt01_02_10", "vdisk_UID": "600507680C80823DA0000000000012F3", "IO_group_id": "1", "IO_group_name": "io_grp1", "mapping_type": "private", "host_cluster_id": "", "host_cluster_name": "", "protocol": "scsi" },
{ "id": "1", "name": "sapiqt01", "SCSI_id": "5", "vdisk_id": "1458", "vdisk_name": "l_sapiqt01_02_12", "vdisk_UID": "600507680C80823DA0000000000012F5", "IO_group_id": "1", "IO_group_name": "io_grp1", "mapping_type": "private", "host_cluster_id": "", "host_cluster_name": "", "protocol": "scsi" },
{ "id": "1", "name": "sapiqt01", "SCSI_id": "6", "vdisk_id": "1460", "vdisk_name": "l_sapiqt01_02_14", "vdisk_UID": "600507680C80823DA0000000000012F7", "IO_group_id": "1", "IO_group_name": "io_grp1", "mapping_type": "private", "host_cluster_id": "", "host_cluster_name": "", "protocol": "scsi" },
{ "id": "1", "name": "sapiqt01", "SCSI_id": "7", "vdisk_id": "2425", "vdisk_name": "l_sapiqt01_02_16", "vdisk_UID": "600507680C80823DA0000000000012F9", "IO_group_id": "1", "IO_group_name": "io_grp1", "mapping_type": "private", "host_cluster_id": "", "host_cluster_name": "", "protocol": "scsi" },
{ "id": "1", "name": "sapiqt01", "SCSI_id": "8", "vdisk_id": "2427", "vdisk_name": "l_sapiqt01_02_18", "vdisk_UID": "600507680C80823DA0000000000012FB", "IO_group_id": "1", "IO_group_name": "io_grp1", "mapping_type": "private", "host_cluster_id": "", "host_cluster_name": "", "protocol": "scsi" },
{ "id": "1", "name": "sapiqt01", "SCSI_id": "9", "vdisk_id": "2430", "vdisk_name": "l_sapiqt01_02_21", "vdisk_UID": "600507680C80823DA0000000000012FE", "IO_group_id": "1", "IO_group_name": "io_grp1", "mapping_type": "private", "host_cluster_id": "", "host_cluster_name": "", "protocol": "scsi" },
{ "id": "1", "name": "sapiqt01", "SCSI_id": "10", "vdisk_id": "2432", "vdisk_name": "l_sapiqt01_02_23", "vdisk_UID": "600507680C80823DA000000000001300", "IO_group_id": "1", "IO_group_name": "io_grp1", "mapping_type": "private", "host_cluster_id": "", "host_cluster_name": "", "protocol": "scsi" },
{ "id": "1", "name": "sapiqt01", "SCSI_id": "11", "vdisk_id": "2434", "vdisk_name": "l_sapiqt01_02_25", "vdisk_UID": "600507680C80823DA000000000001302", "IO_group_id": "1", "IO_group_name": "io_grp1", "mapping_type": "private", "host_cluster_id": "", "host_cluster_name": "", "protocol": "scsi" },
{ "id": "1", "name": "sapiqt01", "SCSI_id": "12", "vdisk_id": "2436", "vdisk_name": "l_sapiqt01_02_27", "vdisk_UID": "600507680C80823DA000000000001304", "IO_group_id": "1", "IO_group_name": "io_grp1", "mapping_type": "private", "host_cluster_id": "", "host_cluster_name": "", "protocol": "scsi" },
{ "id": "1", "name": "sapiqt01", "SCSI_id": "13", "vdisk_id": "2438", "vdisk_name": "l_sapiqt01_02_29", "vdisk_UID": "600507680C80823DA000000000001306", "IO_group_id": "1", "IO_group_name": "io_grp1", "mapping_type": "private", "host_cluster_id": "", "host_cluster_name": "", "protocol": "scsi" },
{ "id": "1", "name": "sapiqt01", "SCSI_id": "14", "vdisk_id": "2440", "vdisk_name": "l_sapiqt01_02_31", "vdisk_UID": "600507680C80823DA000000000001308", "IO_group_id": "1", "IO_group_name": "io_grp1", "mapping_type": "private", "host_cluster_id": "", "host_cluster_name": "", "protocol": "scsi" },
{ "id": "1", "name": "sapiqt01", "SCSI_id": "15", "vdisk_id": "2442", "vdisk_name": "l_sapiqt01_02_33", "vdisk_UID": "600507680C80823DA00000000000130A", "IO_group_id": "1", "IO_group_name": "io_grp1", "mapping_type": "private", "host_cluster_id": "", "host_cluster_name": "", "protocol": "scsi" },
{ "id": "1", "name": "sapiqt01", "SCSI_id": "16", "vdisk_id": "2444", "vdisk_name": "l_sapiqt01_02_35", "vdisk_UID": "600507680C80823DA00000000000130C", "IO_group_id": "1", "IO_group_name": "io_grp1", "mapping_type": "private", "host_cluster_id": "", "host_cluster_name": "", "protocol": "scsi" },
{ "id": "1", "name": "sapiqt01", "SCSI_id": "17", "vdisk_id": "2446", "vdisk_name": "l_sapiqt01_02_37", "vdisk_UID": "600507680C80823DA00000000000130E", "IO_group_id": "1", "IO_group_name": "io_grp1", "mapping_type": "private", "host_cluster_id": "", "host_cluster_name": "", "protocol": "scsi" }]

2024-07-16T11:02:35.474  INFO 140434316977984 ibm_svc_ssh.py:_svc_disconnect():96 SSH disconnected
2024-07-16T11:04:06.351  INFO 140347765540672 ibm_svcinfo_command.py:send_svcinfo_command():187 Executing CLI command: svcinfo lshostvdiskmap -json sapiqt01
2024-07-16T11:04:06.462  INFO 140347765540672 ibm_svcinfo_command.py:send_svcinfo_command():191 [{ "id": "1", "name": "sapiqt01", "SCSI_id": "0", "vdisk_id": "1447", "vdisk_name": "l_sapiqt01_02_01", "vdisk_UID": "600507680C80823DA0000000000012EA", "IO_group_id": "0", "IO_group_name": "io_grp0", "mapping_type": "private", "host_cluster_id": "", "host_cluster_name": "", "protocol": "scsi" },
{ "id": "1", "name": "sapiqt01", "SCSI_id": "1", "vdisk_id": "1449", "vdisk_name": "l_sapiqt01_02_03", "vdisk_UID": "600507680C80823DA0000000000012EC", "IO_group_id": "0", "IO_group_name": "io_grp0", "mapping_type": "private", "host_cluster_id": "", "host_cluster_name": "", "protocol": "scsi" },
{ "id": "1", "name": "sapiqt01", "SCSI_id": "2", "vdisk_id": "1451", "vdisk_name": "l_sapiqt01_02_05", "vdisk_UID": "600507680C80823DA0000000000012EE", "IO_group_id": "0", "IO_group_name": "io_grp0", "mapping_type": "private", "host_cluster_id": "", "host_cluster_name": "", "protocol": "scsi" },
{ "id": "1", "name": "sapiqt01", "SCSI_id": "3", "vdisk_id": "1453", "vdisk_name": "l_sapiqt01_02_07", "vdisk_UID": "600507680C80823DA0000000000012F0", "IO_group_id": "0", "IO_group_name": "io_grp0", "mapping_type": "private", "host_cluster_id": "", "host_cluster_name": "", "protocol": "scsi" },
{ "id": "1", "name": "sapiqt01", "SCSI_id": "4", "vdisk_id": "1455", "vdisk_name": "l_sapiqt01_02_09", "vdisk_UID": "600507680C80823DA0000000000012F2", "IO_group_id": "0", "IO_group_name": "io_grp0", "mapping_type": "private", "host_cluster_id": "", "host_cluster_name": "", "protocol": "scsi" },
{ "id": "1", "name": "sapiqt01", "SCSI_id": "5", "vdisk_id": "1457", "vdisk_name": "l_sapiqt01_02_11", "vdisk_UID": "600507680C80823DA0000000000012F4", "IO_group_id": "0", "IO_group_name": "io_grp0", "mapping_type": "private", "host_cluster_id": "", "host_cluster_name": "", "protocol": "scsi" },
{ "id": "1", "name": "sapiqt01", "SCSI_id": "6", "vdisk_id": "1459", "vdisk_name": "l_sapiqt01_02_13", "vdisk_UID": "600507680C80823DA0000000000012F6", "IO_group_id": "0", "IO_group_name": "io_grp0", "mapping_type": "private", "host_cluster_id": "", "host_cluster_name": "", "protocol": "scsi" },
{ "id": "1", "name": "sapiqt01", "SCSI_id": "7", "vdisk_id": "1461", "vdisk_name": "l_sapiqt01_02_15", "vdisk_UID": "600507680C80823DA0000000000012F8", "IO_group_id": "0", "IO_group_name": "io_grp0", "mapping_type": "private", "host_cluster_id": "", "host_cluster_name": "", "protocol": "scsi" },
{ "id": "1", "name": "sapiqt01", "SCSI_id": "8", "vdisk_id": "2426", "vdisk_name": "l_sapiqt01_02_17", "vdisk_UID": "600507680C80823DA0000000000012FA", "IO_group_id": "0", "IO_group_name": "io_grp0", "mapping_type": "private", "host_cluster_id": "", "host_cluster_name": "", "protocol": "scsi" },
{ "id": "1", "name": "sapiqt01", "SCSI_id": "9", "vdisk_id": "2428", "vdisk_name": "l_sapiqt01_02_19", "vdisk_UID": "600507680C80823DA0000000000012FC", "IO_group_id": "0", "IO_group_name": "io_grp0", "mapping_type": "private", "host_cluster_id": "", "host_cluster_name": "", "protocol": "scsi" },
{ "id": "1", "name": "sapiqt01", "SCSI_id": "10", "vdisk_id": "2429", "vdisk_name": "l_sapiqt01_02_20", "vdisk_UID": "600507680C80823DA0000000000012FD", "IO_group_id": "0", "IO_group_name": "io_grp0", "mapping_type": "private", "host_cluster_id": "", "host_cluster_name": "", "protocol": "scsi" },
{ "id": "1", "name": "sapiqt01", "SCSI_id": "11", "vdisk_id": "2431", "vdisk_name": "l_sapiqt01_02_22", "vdisk_UID": "600507680C80823DA0000000000012FF", "IO_group_id": "0", "IO_group_name": "io_grp0", "mapping_type": "private", "host_cluster_id": "", "host_cluster_name": "", "protocol": "scsi" },
{ "id": "1", "name": "sapiqt01", "SCSI_id": "12", "vdisk_id": "2433", "vdisk_name": "l_sapiqt01_02_24", "vdisk_UID": "600507680C80823DA000000000001301", "IO_group_id": "0", "IO_group_name": "io_grp0", "mapping_type": "private", "host_cluster_id": "", "host_cluster_name": "", "protocol": "scsi" },
{ "id": "1", "name": "sapiqt01", "SCSI_id": "13", "vdisk_id": "2435", "vdisk_name": "l_sapiqt01_02_26", "vdisk_UID": "600507680C80823DA000000000001303", "IO_group_id": "0", "IO_group_name": "io_grp0", "mapping_type": "private", "host_cluster_id": "", "host_cluster_name": "", "protocol": "scsi" },
{ "id": "1", "name": "sapiqt01", "SCSI_id": "14", "vdisk_id": "2437", "vdisk_name": "l_sapiqt01_02_28", "vdisk_UID": "600507680C80823DA000000000001305", "IO_group_id": "0", "IO_group_name": "io_grp0", "mapping_type": "private", "host_cluster_id": "", "host_cluster_name": "", "protocol": "scsi" },
{ "id": "1", "name": "sapiqt01", "SCSI_id": "15", "vdisk_id": "2439", "vdisk_name": "l_sapiqt01_02_30", "vdisk_UID": "600507680C80823DA000000000001307", "IO_group_id": "0", "IO_group_name": "io_grp0", "mapping_type": "private", "host_cluster_id": "", "host_cluster_name": "", "protocol": "scsi" },
{ "id": "1", "name": "sapiqt01", "SCSI_id": "16", "vdisk_id": "2441", "vdisk_name": "l_sapiqt01_02_32", "vdisk_UID": "600507680C80823DA000000000001309", "IO_group_id": "0", "IO_group_name": "io_grp0", "mapping_type": "private", "host_cluster_id": "", "host_cluster_name": "", "protocol": "scsi" },
{ "id": "1", "name": "sapiqt01", "SCSI_id": "17", "vdisk_id": "2443", "vdisk_name": "l_sapiqt01_02_34", "vdisk_UID": "600507680C80823DA00000000000130B", "IO_group_id": "0", "IO_group_name": "io_grp0", "mapping_type": "private", "host_cluster_id": "", "host_cluster_name": "", "protocol": "scsi" },
{ "id": "1", "name": "sapiqt01", "SCSI_id": "18", "vdisk_id": "2445", "vdisk_name": "l_sapiqt01_02_36", "vdisk_UID": "600507680C80823DA00000000000130D", "IO_group_id": "0", "IO_group_name": "io_grp0", "mapping_type": "private", "host_cluster_id": "", "host_cluster_name": "", "protocol": "scsi" },
{ "id": "1", "name": "sapiqt01", "SCSI_id": "19", "vdisk_id": "2452", "vdisk_name": "l_sapiqt01_02_38", "vdisk_UID": "600507680C80823DA000000000001314", "IO_group_id": "0", "IO_group_name": "io_grp0", "mapping_type": "private", "host_cluster_id": "", "host_cluster_name": "", "protocol": "scsi" },
{ "id": "1", "name": "sapiqt01", "SCSI_id": "0", "vdisk_id": "1448", "vdisk_name": "l_sapiqt01_02_02", "vdisk_UID": "600507680C80823DA0000000000012EB", "IO_group_id": "1", "IO_group_name": "io_grp1", "mapping_type": "private", "host_cluster_id": "", "host_cluster_name": "", "protocol": "scsi" },
{ "id": "1", "name": "sapiqt01", "SCSI_id": "1", "vdisk_id": "1450", "vdisk_name": "l_sapiqt01_02_04", "vdisk_UID": "600507680C80823DA0000000000012ED", "IO_group_id": "1", "IO_group_name": "io_grp1", "mapping_type": "private", "host_cluster_id": "", "host_cluster_name": "", "protocol": "scsi" },
{ "id": "1", "name": "sapiqt01", "SCSI_id": "2", "vdisk_id": "1452", "vdisk_name": "l_sapiqt01_02_06", "vdisk_UID": "600507680C80823DA0000000000012EF", "IO_group_id": "1", "IO_group_name": "io_grp1", "mapping_type": "private", "host_cluster_id": "", "host_cluster_name": "", "protocol": "scsi" },
{ "id": "1", "name": "sapiqt01", "SCSI_id": "3", "vdisk_id": "1454", "vdisk_name": "l_sapiqt01_02_08", "vdisk_UID": "600507680C80823DA0000000000012F1", "IO_group_id": "1", "IO_group_name": "io_grp1", "mapping_type": "private", "host_cluster_id": "", "host_cluster_name": "", "protocol": "scsi" },
{ "id": "1", "name": "sapiqt01", "SCSI_id": "4", "vdisk_id": "1456", "vdisk_name": "l_sapiqt01_02_10", "vdisk_UID": "600507680C80823DA0000000000012F3", "IO_group_id": "1", "IO_group_name": "io_grp1", "mapping_type": "private", "host_cluster_id": "", "host_cluster_name": "", "protocol": "scsi" },
{ "id": "1", "name": "sapiqt01", "SCSI_id": "5", "vdisk_id": "1458", "vdisk_name": "l_sapiqt01_02_12", "vdisk_UID": "600507680C80823DA0000000000012F5", "IO_group_id": "1", "IO_group_name": "io_grp1", "mapping_type": "private", "host_cluster_id": "", "host_cluster_name": "", "protocol": "scsi" },
{ "id": "1", "name": "sapiqt01", "SCSI_id": "6", "vdisk_id": "1460", "vdisk_name": "l_sapiqt01_02_14", "vdisk_UID": "600507680C80823DA0000000000012F7", "IO_group_id": "1", "IO_group_name": "io_grp1", "mapping_type": "private", "host_cluster_id": "", "host_cluster_name": "", "protocol": "scsi" },
{ "id": "1", "name": "sapiqt01", "SCSI_id": "7", "vdisk_id": "2425", "vdisk_name": "l_sapiqt01_02_16", "vdisk_UID": "600507680C80823DA0000000000012F9", "IO_group_id": "1", "IO_group_name": "io_grp1", "mapping_type": "private", "host_cluster_id": "", "host_cluster_name": "", "protocol": "scsi" },
{ "id": "1", "name": "sapiqt01", "SCSI_id": "8", "vdisk_id": "2427", "vdisk_name": "l_sapiqt01_02_18", "vdisk_UID": "600507680C80823DA0000000000012FB", "IO_group_id": "1", "IO_group_name": "io_grp1", "mapping_type": "private", "host_cluster_id": "", "host_cluster_name": "", "protocol": "scsi" },
{ "id": "1", "name": "sapiqt01", "SCSI_id": "9", "vdisk_id": "2430", "vdisk_name": "l_sapiqt01_02_21", "vdisk_UID": "600507680C80823DA0000000000012FE", "IO_group_id": "1", "IO_group_name": "io_grp1", "mapping_type": "private", "host_cluster_id": "", "host_cluster_name": "", "protocol": "scsi" },
{ "id": "1", "name": "sapiqt01", "SCSI_id": "10", "vdisk_id": "2432", "vdisk_name": "l_sapiqt01_02_23", "vdisk_UID": "600507680C80823DA000000000001300", "IO_group_id": "1", "IO_group_name": "io_grp1", "mapping_type": "private", "host_cluster_id": "", "host_cluster_name": "", "protocol": "scsi" },
{ "id": "1", "name": "sapiqt01", "SCSI_id": "11", "vdisk_id": "2434", "vdisk_name": "l_sapiqt01_02_25", "vdisk_UID": "600507680C80823DA000000000001302", "IO_group_id": "1", "IO_group_name": "io_grp1", "mapping_type": "private", "host_cluster_id": "", "host_cluster_name": "", "protocol": "scsi" },
{ "id": "1", "name": "sapiqt01", "SCSI_id": "12", "vdisk_id": "2436", "vdisk_name": "l_sapiqt01_02_27", "vdisk_UID": "600507680C80823DA000000000001304", "IO_group_id": "1", "IO_group_name": "io_grp1", "mapping_type": "private", "host_cluster_id": "", "host_cluster_name": "", "protocol": "scsi" },
{ "id": "1", "name": "sapiqt01", "SCSI_id": "13", "vdisk_id": "2438", "vdisk_name": "l_sapiqt01_02_29", "vdisk_UID": "600507680C80823DA000000000001306", "IO_group_id": "1", "IO_group_name": "io_grp1", "mapping_type": "private", "host_cluster_id": "", "host_cluster_name": "", "protocol": "scsi" },
{ "id": "1", "name": "sapiqt01", "SCSI_id": "14", "vdisk_id": "2440", "vdisk_name": "l_sapiqt01_02_31", "vdisk_UID": "600507680C80823DA000000000001308", "IO_group_id": "1", "IO_group_name": "io_grp1", "mapping_type": "private", "host_cluster_id": "", "host_cluster_name": "", "protocol": "scsi" },
{ "id": "1", "name": "sapiqt01", "SCSI_id": "15", "vdisk_id": "2442", "vdisk_name": "l_sapiqt01_02_33", "vdisk_UID": "600507680C80823DA00000000000130A", "IO_group_id": "1", "IO_group_name": "io_grp1", "mapping_type": "private", "host_cluster_id": "", "host_cluster_name": "", "protocol": "scsi" },
{ "id": "1", "name": "sapiqt01", "SCSI_id": "16", "vdisk_id": "2444", "vdisk_name": "l_sapiqt01_02_35", "vdisk_UID": "600507680C80823DA00000000000130C", "IO_group_id": "1", "IO_group_name": "io_grp1", "mapping_type": "private", "host_cluster_id": "", "host_cluster_name": "", "protocol": "scsi" },
{ "id": "1", "name": "sapiqt01", "SCSI_id": "17", "vdisk_id": "2446", "vdisk_name": "l_sapiqt01_02_37", "vdisk_UID": "600507680C80823DA00000000000130E", "IO_group_id": "1", "IO_group_name": "io_grp1", "mapping_type": "private", "host_cluster_id": "", "host_cluster_name": "", "protocol": "scsi" }]

2024-07-16T11:04:06.463  INFO 140347765540672 ibm_svc_ssh.py:_svc_disconnect():96 SSH disconnected
2024-07-16T11:04:40.169  INFO 140701122811712 ibm_svcinfo_command.py:send_svcinfo_command():187 Executing CLI command: svcinfo lshostvdiskmap -json sapiqt01
2024-07-16T11:04:40.280  INFO 140701122811712 ibm_svcinfo_command.py:send_svcinfo_command():191 [{ "id": "1", "name": "sapiqt01", "SCSI_id": "0", "vdisk_id": "1447", "vdisk_name": "l_sapiqt01_02_01", "vdisk_UID": "600507680C80823DA0000000000012EA", "IO_group_id": "0", "IO_group_name": "io_grp0", "mapping_type": "private", "host_cluster_id": "", "host_cluster_name": "", "protocol": "scsi" },
{ "id": "1", "name": "sapiqt01", "SCSI_id": "1", "vdisk_id": "1449", "vdisk_name": "l_sapiqt01_02_03", "vdisk_UID": "600507680C80823DA0000000000012EC", "IO_group_id": "0", "IO_group_name": "io_grp0", "mapping_type": "private", "host_cluster_id": "", "host_cluster_name": "", "protocol": "scsi" },
{ "id": "1", "name": "sapiqt01", "SCSI_id": "2", "vdisk_id": "1451", "vdisk_name": "l_sapiqt01_02_05", "vdisk_UID": "600507680C80823DA0000000000012EE", "IO_group_id": "0", "IO_group_name": "io_grp0", "mapping_type": "private", "host_cluster_id": "", "host_cluster_name": "", "protocol": "scsi" },
{ "id": "1", "name": "sapiqt01", "SCSI_id": "3", "vdisk_id": "1453", "vdisk_name": "l_sapiqt01_02_07", "vdisk_UID": "600507680C80823DA0000000000012F0", "IO_group_id": "0", "IO_group_name": "io_grp0", "mapping_type": "private", "host_cluster_id": "", "host_cluster_name": "", "protocol": "scsi" },
{ "id": "1", "name": "sapiqt01", "SCSI_id": "4", "vdisk_id": "1455", "vdisk_name": "l_sapiqt01_02_09", "vdisk_UID": "600507680C80823DA0000000000012F2", "IO_group_id": "0", "IO_group_name": "io_grp0", "mapping_type": "private", "host_cluster_id": "", "host_cluster_name": "", "protocol": "scsi" },
{ "id": "1", "name": "sapiqt01", "SCSI_id": "5", "vdisk_id": "1457", "vdisk_name": "l_sapiqt01_02_11", "vdisk_UID": "600507680C80823DA0000000000012F4", "IO_group_id": "0", "IO_group_name": "io_grp0", "mapping_type": "private", "host_cluster_id": "", "host_cluster_name": "", "protocol": "scsi" },
{ "id": "1", "name": "sapiqt01", "SCSI_id": "6", "vdisk_id": "1459", "vdisk_name": "l_sapiqt01_02_13", "vdisk_UID": "600507680C80823DA0000000000012F6", "IO_group_id": "0", "IO_group_name": "io_grp0", "mapping_type": "private", "host_cluster_id": "", "host_cluster_name": "", "protocol": "scsi" },
{ "id": "1", "name": "sapiqt01", "SCSI_id": "7", "vdisk_id": "1461", "vdisk_name": "l_sapiqt01_02_15", "vdisk_UID": "600507680C80823DA0000000000012F8", "IO_group_id": "0", "IO_group_name": "io_grp0", "mapping_type": "private", "host_cluster_id": "", "host_cluster_name": "", "protocol": "scsi" },
{ "id": "1", "name": "sapiqt01", "SCSI_id": "8", "vdisk_id": "2426", "vdisk_name": "l_sapiqt01_02_17", "vdisk_UID": "600507680C80823DA0000000000012FA", "IO_group_id": "0", "IO_group_name": "io_grp0", "mapping_type": "private", "host_cluster_id": "", "host_cluster_name": "", "protocol": "scsi" },
{ "id": "1", "name": "sapiqt01", "SCSI_id": "9", "vdisk_id": "2428", "vdisk_name": "l_sapiqt01_02_19", "vdisk_UID": "600507680C80823DA0000000000012FC", "IO_group_id": "0", "IO_group_name": "io_grp0", "mapping_type": "private", "host_cluster_id": "", "host_cluster_name": "", "protocol": "scsi" },
{ "id": "1", "name": "sapiqt01", "SCSI_id": "10", "vdisk_id": "2429", "vdisk_name": "l_sapiqt01_02_20", "vdisk_UID": "600507680C80823DA0000000000012FD", "IO_group_id": "0", "IO_group_name": "io_grp0", "mapping_type": "private", "host_cluster_id": "", "host_cluster_name": "", "protocol": "scsi" },
{ "id": "1", "name": "sapiqt01", "SCSI_id": "11", "vdisk_id": "2431", "vdisk_name": "l_sapiqt01_02_22", "vdisk_UID": "600507680C80823DA0000000000012FF", "IO_group_id": "0", "IO_group_name": "io_grp0", "mapping_type": "private", "host_cluster_id": "", "host_cluster_name": "", "protocol": "scsi" },
{ "id": "1", "name": "sapiqt01", "SCSI_id": "12", "vdisk_id": "2433", "vdisk_name": "l_sapiqt01_02_24", "vdisk_UID": "600507680C80823DA000000000001301", "IO_group_id": "0", "IO_group_name": "io_grp0", "mapping_type": "private", "host_cluster_id": "", "host_cluster_name": "", "protocol": "scsi" },
{ "id": "1", "name": "sapiqt01", "SCSI_id": "13", "vdisk_id": "2435", "vdisk_name": "l_sapiqt01_02_26", "vdisk_UID": "600507680C80823DA000000000001303", "IO_group_id": "0", "IO_group_name": "io_grp0", "mapping_type": "private", "host_cluster_id": "", "host_cluster_name": "", "protocol": "scsi" },
{ "id": "1", "name": "sapiqt01", "SCSI_id": "14", "vdisk_id": "2437", "vdisk_name": "l_sapiqt01_02_28", "vdisk_UID": "600507680C80823DA000000000001305", "IO_group_id": "0", "IO_group_name": "io_grp0", "mapping_type": "private", "host_cluster_id": "", "host_cluster_name": "", "protocol": "scsi" },
{ "id": "1", "name": "sapiqt01", "SCSI_id": "15", "vdisk_id": "2439", "vdisk_name": "l_sapiqt01_02_30", "vdisk_UID": "600507680C80823DA000000000001307", "IO_group_id": "0", "IO_group_name": "io_grp0", "mapping_type": "private", "host_cluster_id": "", "host_cluster_name": "", "protocol": "scsi" },
{ "id": "1", "name": "sapiqt01", "SCSI_id": "16", "vdisk_id": "2441", "vdisk_name": "l_sapiqt01_02_32", "vdisk_UID": "600507680C80823DA000000000001309", "IO_group_id": "0", "IO_group_name": "io_grp0", "mapping_type": "private", "host_cluster_id": "", "host_cluster_name": "", "protocol": "scsi" },
{ "id": "1", "name": "sapiqt01", "SCSI_id": "17", "vdisk_id": "2443", "vdisk_name": "l_sapiqt01_02_34", "vdisk_UID": "600507680C80823DA00000000000130B", "IO_group_id": "0", "IO_group_name": "io_grp0", "mapping_type": "private", "host_cluster_id": "", "host_cluster_name": "", "protocol": "scsi" },
{ "id": "1", "name": "sapiqt01", "SCSI_id": "18", "vdisk_id": "2445", "vdisk_name": "l_sapiqt01_02_36", "vdisk_UID": "600507680C80823DA00000000000130D", "IO_group_id": "0", "IO_group_name": "io_grp0", "mapping_type": "private", "host_cluster_id": "", "host_cluster_name": "", "protocol": "scsi" },
{ "id": "1", "name": "sapiqt01", "SCSI_id": "19", "vdisk_id": "2452", "vdisk_name": "l_sapiqt01_02_38", "vdisk_UID": "600507680C80823DA000000000001314", "IO_group_id": "0", "IO_group_name": "io_grp0", "mapping_type": "private", "host_cluster_id": "", "host_cluster_name": "", "protocol": "scsi" },
{ "id": "1", "name": "sapiqt01", "SCSI_id": "0", "vdisk_id": "1448", "vdisk_name": "l_sapiqt01_02_02", "vdisk_UID": "600507680C80823DA0000000000012EB", "IO_group_id": "1", "IO_group_name": "io_grp1", "mapping_type": "private", "host_cluster_id": "", "host_cluster_name": "", "protocol": "scsi" },
{ "id": "1", "name": "sapiqt01", "SCSI_id": "1", "vdisk_id": "1450", "vdisk_name": "l_sapiqt01_02_04", "vdisk_UID": "600507680C80823DA0000000000012ED", "IO_group_id": "1", "IO_group_name": "io_grp1", "mapping_type": "private", "host_cluster_id": "", "host_cluster_name": "", "protocol": "scsi" },
{ "id": "1", "name": "sapiqt01", "SCSI_id": "2", "vdisk_id": "1452", "vdisk_name": "l_sapiqt01_02_06", "vdisk_UID": "600507680C80823DA0000000000012EF", "IO_group_id": "1", "IO_group_name": "io_grp1", "mapping_type": "private", "host_cluster_id": "", "host_cluster_name": "", "protocol": "scsi" },
{ "id": "1", "name": "sapiqt01", "SCSI_id": "3", "vdisk_id": "1454", "vdisk_name": "l_sapiqt01_02_08", "vdisk_UID": "600507680C80823DA0000000000012F1", "IO_group_id": "1", "IO_group_name": "io_grp1", "mapping_type": "private", "host_cluster_id": "", "host_cluster_name": "", "protocol": "scsi" },
{ "id": "1", "name": "sapiqt01", "SCSI_id": "4", "vdisk_id": "1456", "vdisk_name": "l_sapiqt01_02_10", "vdisk_UID": "600507680C80823DA0000000000012F3", "IO_group_id": "1", "IO_group_name": "io_grp1", "mapping_type": "private", "host_cluster_id": "", "host_cluster_name": "", "protocol": "scsi" },
{ "id": "1", "name": "sapiqt01", "SCSI_id": "5", "vdisk_id": "1458", "vdisk_name": "l_sapiqt01_02_12", "vdisk_UID": "600507680C80823DA0000000000012F5", "IO_group_id": "1", "IO_group_name": "io_grp1", "mapping_type": "private", "host_cluster_id": "", "host_cluster_name": "", "protocol": "scsi" },
{ "id": "1", "name": "sapiqt01", "SCSI_id": "6", "vdisk_id": "1460", "vdisk_name": "l_sapiqt01_02_14", "vdisk_UID": "600507680C80823DA0000000000012F7", "IO_group_id": "1", "IO_group_name": "io_grp1", "mapping_type": "private", "host_cluster_id": "", "host_cluster_name": "", "protocol": "scsi" },
{ "id": "1", "name": "sapiqt01", "SCSI_id": "7", "vdisk_id": "2425", "vdisk_name": "l_sapiqt01_02_16", "vdisk_UID": "600507680C80823DA0000000000012F9", "IO_group_id": "1", "IO_group_name": "io_grp1", "mapping_type": "private", "host_cluster_id": "", "host_cluster_name": "", "protocol": "scsi" },
{ "id": "1", "name": "sapiqt01", "SCSI_id": "8", "vdisk_id": "2427", "vdisk_name": "l_sapiqt01_02_18", "vdisk_UID": "600507680C80823DA0000000000012FB", "IO_group_id": "1", "IO_group_name": "io_grp1", "mapping_type": "private", "host_cluster_id": "", "host_cluster_name": "", "protocol": "scsi" },
{ "id": "1", "name": "sapiqt01", "SCSI_id": "9", "vdisk_id": "2430", "vdisk_name": "l_sapiqt01_02_21", "vdisk_UID": "600507680C80823DA0000000000012FE", "IO_group_id": "1", "IO_group_name": "io_grp1", "mapping_type": "private", "host_cluster_id": "", "host_cluster_name": "", "protocol": "scsi" },
{ "id": "1", "name": "sapiqt01", "SCSI_id": "10", "vdisk_id": "2432", "vdisk_name": "l_sapiqt01_02_23", "vdisk_UID": "600507680C80823DA000000000001300", "IO_group_id": "1", "IO_group_name": "io_grp1", "mapping_type": "private", "host_cluster_id": "", "host_cluster_name": "", "protocol": "scsi" },
{ "id": "1", "name": "sapiqt01", "SCSI_id": "11", "vdisk_id": "2434", "vdisk_name": "l_sapiqt01_02_25", "vdisk_UID": "600507680C80823DA000000000001302", "IO_group_id": "1", "IO_group_name": "io_grp1", "mapping_type": "private", "host_cluster_id": "", "host_cluster_name": "", "protocol": "scsi" },
{ "id": "1", "name": "sapiqt01", "SCSI_id": "12", "vdisk_id": "2436", "vdisk_name": "l_sapiqt01_02_27", "vdisk_UID": "600507680C80823DA000000000001304", "IO_group_id": "1", "IO_group_name": "io_grp1", "mapping_type": "private", "host_cluster_id": "", "host_cluster_name": "", "protocol": "scsi" },
{ "id": "1", "name": "sapiqt01", "SCSI_id": "13", "vdisk_id": "2438", "vdisk_name": "l_sapiqt01_02_29", "vdisk_UID": "600507680C80823DA000000000001306", "IO_group_id": "1", "IO_group_name": "io_grp1", "mapping_type": "private", "host_cluster_id": "", "host_cluster_name": "", "protocol": "scsi" },
{ "id": "1", "name": "sapiqt01", "SCSI_id": "14", "vdisk_id": "2440", "vdisk_name": "l_sapiqt01_02_31", "vdisk_UID": "600507680C80823DA000000000001308", "IO_group_id": "1", "IO_group_name": "io_grp1", "mapping_type": "private", "host_cluster_id": "", "host_cluster_name": "", "protocol": "scsi" },
{ "id": "1", "name": "sapiqt01", "SCSI_id": "15", "vdisk_id": "2442", "vdisk_name": "l_sapiqt01_02_33", "vdisk_UID": "600507680C80823DA00000000000130A", "IO_group_id": "1", "IO_group_name": "io_grp1", "mapping_type": "private", "host_cluster_id": "", "host_cluster_name": "", "protocol": "scsi" },
{ "id": "1", "name": "sapiqt01", "SCSI_id": "16", "vdisk_id": "2444", "vdisk_name": "l_sapiqt01_02_35", "vdisk_UID": "600507680C80823DA00000000000130C", "IO_group_id": "1", "IO_group_name": "io_grp1", "mapping_type": "private", "host_cluster_id": "", "host_cluster_name": "", "protocol": "scsi" },
{ "id": "1", "name": "sapiqt01", "SCSI_id": "17", "vdisk_id": "2446", "vdisk_name": "l_sapiqt01_02_37", "vdisk_UID": "600507680C80823DA00000000000130E", "IO_group_id": "1", "IO_group_name": "io_grp1", "mapping_type": "private", "host_cluster_id": "", "host_cluster_name": "", "protocol": "scsi" }]

2024-07-16T11:04:40.394  INFO 140701122811712 ibm_svc_ssh.py:_svc_disconnect():96 SSH disconnected
2024-07-17T06:14:31.185  INFO 139861711853376 ibm_svcinfo_command.py:send_svcinfo_command():187 Executing CLI command: svcinfo lshostvdiskmap -json sapiqt01
2024-07-17T06:14:31.336  INFO 139861711853376 ibm_svcinfo_command.py:send_svcinfo_command():191 [{ "id": "1", "name": "sapiqt01", "SCSI_id": "0", "vdisk_id": "1447", "vdisk_name": "l_sapiqt01_02_01", "vdisk_UID": "600507680C80823DA0000000000012EA", "IO_group_id": "0", "IO_group_name": "io_grp0", "mapping_type": "private", "host_cluster_id": "", "host_cluster_name": "", "protocol": "scsi" },
{ "id": "1", "name": "sapiqt01", "SCSI_id": "1", "vdisk_id": "1449", "vdisk_name": "l_sapiqt01_02_03", "vdisk_UID": "600507680C80823DA0000000000012EC", "IO_group_id": "0", "IO_group_name": "io_grp0", "mapping_type": "private", "host_cluster_id": "", "host_cluster_name": "", "protocol": "scsi" },
{ "id": "1", "name": "sapiqt01", "SCSI_id": "2", "vdisk_id": "1451", "vdisk_name": "l_sapiqt01_02_05", "vdisk_UID": "600507680C80823DA0000000000012EE", "IO_group_id": "0", "IO_group_name": "io_grp0", "mapping_type": "private", "host_cluster_id": "", "host_cluster_name": "", "protocol": "scsi" },
{ "id": "1", "name": "sapiqt01", "SCSI_id": "3", "vdisk_id": "1453", "vdisk_name": "l_sapiqt01_02_07", "vdisk_UID": "600507680C80823DA0000000000012F0", "IO_group_id": "0", "IO_group_name": "io_grp0", "mapping_type": "private", "host_cluster_id": "", "host_cluster_name": "", "protocol": "scsi" },
{ "id": "1", "name": "sapiqt01", "SCSI_id": "4", "vdisk_id": "1455", "vdisk_name": "l_sapiqt01_02_09", "vdisk_UID": "600507680C80823DA0000000000012F2", "IO_group_id": "0", "IO_group_name": "io_grp0", "mapping_type": "private", "host_cluster_id": "", "host_cluster_name": "", "protocol": "scsi" },
{ "id": "1", "name": "sapiqt01", "SCSI_id": "5", "vdisk_id": "1457", "vdisk_name": "l_sapiqt01_02_11", "vdisk_UID": "600507680C80823DA0000000000012F4", "IO_group_id": "0", "IO_group_name": "io_grp0", "mapping_type": "private", "host_cluster_id": "", "host_cluster_name": "", "protocol": "scsi" },
{ "id": "1", "name": "sapiqt01", "SCSI_id": "6", "vdisk_id": "1459", "vdisk_name": "l_sapiqt01_02_13", "vdisk_UID": "600507680C80823DA0000000000012F6", "IO_group_id": "0", "IO_group_name": "io_grp0", "mapping_type": "private", "host_cluster_id": "", "host_cluster_name": "", "protocol": "scsi" },
{ "id": "1", "name": "sapiqt01", "SCSI_id": "7", "vdisk_id": "1461", "vdisk_name": "l_sapiqt01_02_15", "vdisk_UID": "600507680C80823DA0000000000012F8", "IO_group_id": "0", "IO_group_name": "io_grp0", "mapping_type": "private", "host_cluster_id": "", "host_cluster_name": "", "protocol": "scsi" },
{ "id": "1", "name": "sapiqt01", "SCSI_id": "8", "vdisk_id": "2426", "vdisk_name": "l_sapiqt01_02_17", "vdisk_UID": "600507680C80823DA0000000000012FA", "IO_group_id": "0", "IO_group_name": "io_grp0", "mapping_type": "private", "host_cluster_id": "", "host_cluster_name": "", "protocol": "scsi" },
{ "id": "1", "name": "sapiqt01", "SCSI_id": "9", "vdisk_id": "2428", "vdisk_name": "l_sapiqt01_02_19", "vdisk_UID": "600507680C80823DA0000000000012FC", "IO_group_id": "0", "IO_group_name": "io_grp0", "mapping_type": "private", "host_cluster_id": "", "host_cluster_name": "", "protocol": "scsi" },
{ "id": "1", "name": "sapiqt01", "SCSI_id": "10", "vdisk_id": "2429", "vdisk_name": "l_sapiqt01_02_20", "vdisk_UID": "600507680C80823DA0000000000012FD", "IO_group_id": "0", "IO_group_name": "io_grp0", "mapping_type": "private", "host_cluster_id": "", "host_cluster_name": "", "protocol": "scsi" },
{ "id": "1", "name": "sapiqt01", "SCSI_id": "11", "vdisk_id": "2431", "vdisk_name": "l_sapiqt01_02_22", "vdisk_UID": "600507680C80823DA0000000000012FF", "IO_group_id": "0", "IO_group_name": "io_grp0", "mapping_type": "private", "host_cluster_id": "", "host_cluster_name": "", "protocol": "scsi" },
{ "id": "1", "name": "sapiqt01", "SCSI_id": "12", "vdisk_id": "2433", "vdisk_name": "l_sapiqt01_02_24", "vdisk_UID": "600507680C80823DA000000000001301", "IO_group_id": "0", "IO_group_name": "io_grp0", "mapping_type": "private", "host_cluster_id": "", "host_cluster_name": "", "protocol": "scsi" },
{ "id": "1", "name": "sapiqt01", "SCSI_id": "13", "vdisk_id": "2435", "vdisk_name": "l_sapiqt01_02_26", "vdisk_UID": "600507680C80823DA000000000001303", "IO_group_id": "0", "IO_group_name": "io_grp0", "mapping_type": "private", "host_cluster_id": "", "host_cluster_name": "", "protocol": "scsi" },
{ "id": "1", "name": "sapiqt01", "SCSI_id": "14", "vdisk_id": "2437", "vdisk_name": "l_sapiqt01_02_28", "vdisk_UID": "600507680C80823DA000000000001305", "IO_group_id": "0", "IO_group_name": "io_grp0", "mapping_type": "private", "host_cluster_id": "", "host_cluster_name": "", "protocol": "scsi" },
{ "id": "1", "name": "sapiqt01", "SCSI_id": "15", "vdisk_id": "2439", "vdisk_name": "l_sapiqt01_02_30", "vdisk_UID": "600507680C80823DA000000000001307", "IO_group_id": "0", "IO_group_name": "io_grp0", "mapping_type": "private", "host_cluster_id": "", "host_cluster_name": "", "protocol": "scsi" },
{ "id": "1", "name": "sapiqt01", "SCSI_id": "16", "vdisk_id": "2441", "vdisk_name": "l_sapiqt01_02_32", "vdisk_UID": "600507680C80823DA000000000001309", "IO_group_id": "0", "IO_group_name": "io_grp0", "mapping_type": "private", "host_cluster_id": "", "host_cluster_name": "", "protocol": "scsi" },
{ "id": "1", "name": "sapiqt01", "SCSI_id": "17", "vdisk_id": "2443", "vdisk_name": "l_sapiqt01_02_34", "vdisk_UID": "600507680C80823DA00000000000130B", "IO_group_id": "0", "IO_group_name": "io_grp0", "mapping_type": "private", "host_cluster_id": "", "host_cluster_name": "", "protocol": "scsi" },
{ "id": "1", "name": "sapiqt01", "SCSI_id": "18", "vdisk_id": "2445", "vdisk_name": "l_sapiqt01_02_36", "vdisk_UID": "600507680C80823DA00000000000130D", "IO_group_id": "0", "IO_group_name": "io_grp0", "mapping_type": "private", "host_cluster_id": "", "host_cluster_name": "", "protocol": "scsi" },
{ "id": "1", "name": "sapiqt01", "SCSI_id": "19", "vdisk_id": "2452", "vdisk_name": "l_sapiqt01_02_38", "vdisk_UID": "600507680C80823DA000000000001314", "IO_group_id": "0", "IO_group_name": "io_grp0", "mapping_type": "private", "host_cluster_id": "", "host_cluster_name": "", "protocol": "scsi" },
{ "id": "1", "name": "sapiqt01", "SCSI_id": "0", "vdisk_id": "1448", "vdisk_name": "l_sapiqt01_02_02", "vdisk_UID": "600507680C80823DA0000000000012EB", "IO_group_id": "1", "IO_group_name": "io_grp1", "mapping_type": "private", "host_cluster_id": "", "host_cluster_name": "", "protocol": "scsi" },
{ "id": "1", "name": "sapiqt01", "SCSI_id": "1", "vdisk_id": "1450", "vdisk_name": "l_sapiqt01_02_04", "vdisk_UID": "600507680C80823DA0000000000012ED", "IO_group_id": "1", "IO_group_name": "io_grp1", "mapping_type": "private", "host_cluster_id": "", "host_cluster_name": "", "protocol": "scsi" },
{ "id": "1", "name": "sapiqt01", "SCSI_id": "2", "vdisk_id": "1452", "vdisk_name": "l_sapiqt01_02_06", "vdisk_UID": "600507680C80823DA0000000000012EF", "IO_group_id": "1", "IO_group_name": "io_grp1", "mapping_type": "private", "host_cluster_id": "", "host_cluster_name": "", "protocol": "scsi" },
{ "id": "1", "name": "sapiqt01", "SCSI_id": "3", "vdisk_id": "1454", "vdisk_name": "l_sapiqt01_02_08", "vdisk_UID": "600507680C80823DA0000000000012F1", "IO_group_id": "1", "IO_group_name": "io_grp1", "mapping_type": "private", "host_cluster_id": "", "host_cluster_name": "", "protocol": "scsi" },
{ "id": "1", "name": "sapiqt01", "SCSI_id": "4", "vdisk_id": "1456", "vdisk_name": "l_sapiqt01_02_10", "vdisk_UID": "600507680C80823DA0000000000012F3", "IO_group_id": "1", "IO_group_name": "io_grp1", "mapping_type": "private", "host_cluster_id": "", "host_cluster_name": "", "protocol": "scsi" },
{ "id": "1", "name": "sapiqt01", "SCSI_id": "5", "vdisk_id": "1458", "vdisk_name": "l_sapiqt01_02_12", "vdisk_UID": "600507680C80823DA0000000000012F5", "IO_group_id": "1", "IO_group_name": "io_grp1", "mapping_type": "private", "host_cluster_id": "", "host_cluster_name": "", "protocol": "scsi" },
{ "id": "1", "name": "sapiqt01", "SCSI_id": "6", "vdisk_id": "1460", "vdisk_name": "l_sapiqt01_02_14", "vdisk_UID": "600507680C80823DA0000000000012F7", "IO_group_id": "1", "IO_group_name": "io_grp1", "mapping_type": "private", "host_cluster_id": "", "host_cluster_name": "", "protocol": "scsi" },
{ "id": "1", "name": "sapiqt01", "SCSI_id": "7", "vdisk_id": "2425", "vdisk_name": "l_sapiqt01_02_16", "vdisk_UID": "600507680C80823DA0000000000012F9", "IO_group_id": "1", "IO_group_name": "io_grp1", "mapping_type": "private", "host_cluster_id": "", "host_cluster_name": "", "protocol": "scsi" },
{ "id": "1", "name": "sapiqt01", "SCSI_id": "8", "vdisk_id": "2427", "vdisk_name": "l_sapiqt01_02_18", "vdisk_UID": "600507680C80823DA0000000000012FB", "IO_group_id": "1", "IO_group_name": "io_grp1", "mapping_type": "private", "host_cluster_id": "", "host_cluster_name": "", "protocol": "scsi" },
{ "id": "1", "name": "sapiqt01", "SCSI_id": "9", "vdisk_id": "2430", "vdisk_name": "l_sapiqt01_02_21", "vdisk_UID": "600507680C80823DA0000000000012FE", "IO_group_id": "1", "IO_group_name": "io_grp1", "mapping_type": "private", "host_cluster_id": "", "host_cluster_name": "", "protocol": "scsi" },
{ "id": "1", "name": "sapiqt01", "SCSI_id": "10", "vdisk_id": "2432", "vdisk_name": "l_sapiqt01_02_23", "vdisk_UID": "600507680C80823DA000000000001300", "IO_group_id": "1", "IO_group_name": "io_grp1", "mapping_type": "private", "host_cluster_id": "", "host_cluster_name": "", "protocol": "scsi" },
{ "id": "1", "name": "sapiqt01", "SCSI_id": "11", "vdisk_id": "2434", "vdisk_name": "l_sapiqt01_02_25", "vdisk_UID": "600507680C80823DA000000000001302", "IO_group_id": "1", "IO_group_name": "io_grp1", "mapping_type": "private", "host_cluster_id": "", "host_cluster_name": "", "protocol": "scsi" },
{ "id": "1", "name": "sapiqt01", "SCSI_id": "12", "vdisk_id": "2436", "vdisk_name": "l_sapiqt01_02_27", "vdisk_UID": "600507680C80823DA000000000001304", "IO_group_id": "1", "IO_group_name": "io_grp1", "mapping_type": "private", "host_cluster_id": "", "host_cluster_name": "", "protocol": "scsi" },
{ "id": "1", "name": "sapiqt01", "SCSI_id": "13", "vdisk_id": "2438", "vdisk_name": "l_sapiqt01_02_29", "vdisk_UID": "600507680C80823DA000000000001306", "IO_group_id": "1", "IO_group_name": "io_grp1", "mapping_type": "private", "host_cluster_id": "", "host_cluster_name": "", "protocol": "scsi" },
{ "id": "1", "name": "sapiqt01", "SCSI_id": "14", "vdisk_id": "2440", "vdisk_name": "l_sapiqt01_02_31", "vdisk_UID": "600507680C80823DA000000000001308", "IO_group_id": "1", "IO_group_name": "io_grp1", "mapping_type": "private", "host_cluster_id": "", "host_cluster_name": "", "protocol": "scsi" },
{ "id": "1", "name": "sapiqt01", "SCSI_id": "15", "vdisk_id": "2442", "vdisk_name": "l_sapiqt01_02_33", "vdisk_UID": "600507680C80823DA00000000000130A", "IO_group_id": "1", "IO_group_name": "io_grp1", "mapping_type": "private", "host_cluster_id": "", "host_cluster_name": "", "protocol": "scsi" },
{ "id": "1", "name": "sapiqt01", "SCSI_id": "16", "vdisk_id": "2444", "vdisk_name": "l_sapiqt01_02_35", "vdisk_UID": "600507680C80823DA00000000000130C", "IO_group_id": "1", "IO_group_name": "io_grp1", "mapping_type": "private", "host_cluster_id": "", "host_cluster_name": "", "protocol": "scsi" },
{ "id": "1", "name": "sapiqt01", "SCSI_id": "17", "vdisk_id": "2446", "vdisk_name": "l_sapiqt01_02_37", "vdisk_UID": "600507680C80823DA00000000000130E", "IO_group_id": "1", "IO_group_name": "io_grp1", "mapping_type": "private", "host_cluster_id": "", "host_cluster_name": "", "protocol": "scsi" }]

2024-07-17T06:14:31.337  INFO 139861711853376 ibm_svc_ssh.py:_svc_disconnect():96 SSH disconnected
